[?7h[40m[2J[0;32;43m⌠⌡πΩ⌠⌠⌠⌡⌠⌡Ω⌠ππππππ⌠⌡π⌠⌡⌡⌡⌡⌠⌡⌠⌡π⌡⌠⌠±⌡±⌠⌡±⌠⌡±⌠⌡⌠±⌠⌡±⌠⌡±⌠⌡±⌠⌡±⌠⌡±⌠⌡±⌠⌡±⌠⌡⌠⌡¥⌠π⌠⌡⌡π⌡[2;1Hπ[3Cπ⌠⌡[15CΩπ⌠⌡Ω[7Cπ⌡Ωπ⌠⌡Ωπ⌡⌠[9Cπ⌠⌡Ωπ⌠Ω[14CΩ¥Ωπ⌡¥[3;1Hπ[77C⌡Ω[4;1H±π⌠[75CπΩ[5;1Hπ±±⌠⌠[74CΩ[6;1Hπ±[76C⌡Ω[7;1Hπ[78Cπ[8;1Hπ±[40m[s
[u[76C[43m⌡Ω[9;1Hπ±[77C⌡[10;1Hπ±⌠[75C⌡⌠[11;1H⌠⌠π[75C⌠⌠[12;1H⌠⌠[77C⌡[13;1H⌠⌠[75C⌠⌡⌡[14;1H⌡⌠[76C⌡⌠[15;1H⌡[78C⌠[16;1H±[77C⌡Ω[17;1Hππ[75Cπ⌠Ω[18;1Hπ±⌡[75CπΩ[19;1Hπ±⌡⌡π[73CπΩ[20;1H⌠π±⌡[73Cπ⌠Ω[21;1H±π[75CπΩ⌡[22;1Hπ±⌡π±[10C⌡[40m[s
[u[43mΩπΩ⌡[58C⌠⌡[23;1Hππππππππ±⌡⌠⌡Ω⌠⌠⌠⌠⌠⌠π⌡Ωπ⌡Ωπ⌠⌡Ωππ⌡⌠Ωπ⌠⌡Ωπ⌠⌡Ωπ⌠⌡Ωπ⌡Ω⌠⌡Ωπ⌡¥π⌡Ωπ⌡Ωπ⌠Ω±¥±⌠Ω⌡Σ±¥±⌡Ω¥±⌡Ω[24;1H[25;1H[0m[255D